[2026-07-07 14:11:00] [SUCCESS] Startup checks passed: settings, backend path and PowerShell look OK.
[2026-07-07 14:11:18] [INFO] Backend path: C:\Users\William Burkert\OneDrive - Port of Dover\Shite\Desktop\ADAccountCreator_v4_Final\ADUserBackend.ps1
[2026-07-07 14:11:18] [INFO] PowerShell args: -Mode Search -SearchType Manager -SearchTerm jenna
[2026-07-07 14:11:18] [INFO] Backend started. Loading Active Directory module...
[2026-07-07 14:11:18] [SUCCESS] Active Directory module loaded.
[2026-07-07 14:11:18] [INFO] Searching AD for 'jenna'...
[2026-07-07 14:11:18] [SUCCESS] Found  match(es).
[2026-07-07 14:11:31] [INFO] Backend path: C:\Users\William Burkert\OneDrive - Port of Dover\Shite\Desktop\ADAccountCreator_v4_Final\ADUserBackend.ps1
[2026-07-07 14:11:31] [INFO] PowerShell args: -Mode Create -FirstName Lee -LastName Dube -DisplayName EXT_Lee Dube -UserLogonName lee.dube -SamAccountName Lee Dube -JobTitle  -Description Arcadis -Department  -Company Arcadis -Office  -Phone +44 (0)1304 240400 -Email lee.dube@portofdover.com -OUPath OU=Contractors - Synced,OU=Users,OU=POD (Users and Groups),DC=pod,DC=local -DefaultDomain portofdover.com -DefaultNetBIOSDomain POD -ExchangeServer exchange.pod.local -ExchangeEnabled 1 -AdminUsername sup_william_burkert -AdminPassword ******** -AccountExpiryDate 2026-10-05 -ContractorAccount -ManagerDN CN=EXT_Jenna Bradley,OU=Contractors - Synced,OU=Users,OU=POD (Users and Groups),DC=pod,DC=local
[2026-07-07 14:11:31] [INFO] Backend started. Loading Active Directory module...
[2026-07-07 14:11:32] [SUCCESS] Active Directory module loaded.
[2026-07-07 14:11:32] [INFO] Using supplied admin credentials for AD and Exchange actions: POD\sup_william_burkert
[2026-07-07 14:11:32] [INFO] Preparing to create account for EXT_Lee Dube (lee.dube@portofdover.com)
[2026-07-07 14:11:32] [INFO] Contractor account selected. Account expiry will be set to 2026-10-05.
[2026-07-07 14:11:32] [INFO] Manager resolved: EXT_Jenna Bradley
[2026-07-07 14:11:32] [INFO] Creating AD account...
[2026-07-07 14:11:32] [SUCCESS] AD account created: Lee Dube
[2026-07-07 14:11:32] [INFO] Waiting 60 seconds for AD replication before enabling mailbox...
[2026-07-07 14:11:32] [INFO] Replication wait: 60 seconds remaining...
[2026-07-07 14:11:37] [INFO] Replication wait: 55 seconds remaining...
[2026-07-07 14:11:42] [INFO] Replication wait: 50 seconds remaining...
[2026-07-07 14:11:47] [INFO] Replication wait: 45 seconds remaining...
[2026-07-07 14:11:52] [INFO] Replication wait: 40 seconds remaining...
[2026-07-07 14:11:57] [INFO] Replication wait: 35 seconds remaining...
[2026-07-07 14:12:02] [INFO] Replication wait: 30 seconds remaining...
[2026-07-07 14:12:07] [INFO] Replication wait: 25 seconds remaining...
[2026-07-07 14:12:12] [INFO] Replication wait: 20 seconds remaining...
[2026-07-07 14:12:17] [INFO] Replication wait: 15 seconds remaining...
[2026-07-07 14:12:22] [INFO] Replication wait: 10 seconds remaining...
[2026-07-07 14:12:27] [INFO] Replication wait: 5 seconds remaining...
[2026-07-07 14:12:32] [INFO] Connecting to Exchange server (exchange.pod.local)...
[2026-07-07 14:12:32] [INFO] Exchange session will use supplied admin credential: POD\sup_william_burkert
[2026-07-07 14:12:35] [INFO] Connected. Enabling mailbox...
[2026-07-07 14:12:36] [INFO] Name                      Alias                ServerName       ProhibitSendQuota                                      
[2026-07-07 14:12:36] [INFO] ----                      -----                ----------       -----------------                                      
[2026-07-07 14:12:36] [INFO] EXT_Lee Dube              lee.dube             exchange         Unlimited                                              
[2026-07-07 14:12:36] [SUCCESS] Mailbox enabled: lee.dube@portofdover.com
[2026-07-07 14:12:36] [INFO] Exchange session closed.
